W0807 21:49:32.956000 511907 torch/utils/cpp_extension.py:2425] TORCH_CUDA_ARCH_LIST is not set, all archs for visible cards are included for compilation. 
W0807 21:49:32.956000 511907 torch/utils/cpp_extension.py:2425] If this is not desired, please set os.environ['TORCH_CUDA_ARCH_LIST'] to specific architectures.
/tmp/skyreels-bench/reference/SkyReels-V3/skyreels_v3/modules/transformer_a2v.py:33: FutureWarning: `torch.cuda.amp.autocast(args...)` is deprecated. Please use `torch.amp.autocast('cuda', args...)` instead.
  @amp.autocast(enabled=False)
/tmp/skyreels-bench/reference/SkyReels-V3/skyreels_v3/modules/transformer_a2v.py:44: FutureWarning: `torch.cuda.amp.autocast(args...)` is deprecated. Please use `torch.amp.autocast('cuda', args...)` instead.
  @amp.autocast(enabled=False)
args.model_id: /workspace/models/SkyReels-V3-V2V-14B
2026-08-07 21:49:33 - skyreels_v3 - INFO - [generate_video.py:274 - <module>] - input params: Namespace(task_type='single_shot_extension', model_id='/workspace/models/SkyReels-V3-V2V-14B', duration=5, prompt='A cinematic continuation of the scene.', resolution='720P', seed=42, use_usp=False, offload=True, low_vram=False, input_video='/tmp/skyreels-bench/inputs/extension_test.mp4', ref_imgs='https://skyreels-api.oss-accelerate.aliyuncs.com/examples/subject_reference/0_0.png', input_image='https://skyreels-api.oss-accelerate.aliyuncs.com/examples/talking_avatar_video/single1.png', input_audio='https://skyreels-api.oss-accelerate.aliyuncs.com/examples/talking_avatar_video/single_actor/huahai_5s.mp3')
prepare input data done
2026-08-07 21:49:33 - skyreels_v3 - INFO - [__init__.py:37 - get_transformer] - loading transformer from /workspace/models/SkyReels-V3-V2V-14B/transformer/config.json, model_path: /workspace/models/SkyReels-V3-V2V-14B/transformer
/tmp/skyreels-bench/skywork/.venv/lib/python3.12/site-packages/diffusers/configuration_utils.py:248: FutureWarning: It is deprecated to pass a pretrained model name or path to `from_config`.If you were trying to load a model, please use <class 'skyreels_v3.modules.transformer.WanModel'>.load_config(...) followed by <class 'skyreels_v3.modules.transformer.WanModel'>.from_config(...) instead. Otherwise, please make sure to pass a configuration dictionary instead. This functionality will be removed in v1.0.0.
  deprecate("config-passed-as-path", "1.0.0", deprecation_message, standard_warn=False)
2026-08-07 21:51:45 - skyreels_v3 - INFO - [vae.py:685 - _video_vae] - loading /workspace/models/SkyReels-V3-V2V-14B/Wan2.1_VAE.pth
2026-08-07 21:52:24 - skyreels_v3 - INFO - [t5.py:538 - __init__] - loading /workspace/models/SkyReels-V3-V2V-14B/models_t5_umt5-xxl-enc-bf16.pth
2026-08-07 21:52:42 - skyreels_v3 - INFO - [single_shot_extension_pipeline.py:135 - extend_video] - genetate total roll: 1, roll: 0, latent_num_frames: 33, prefix_shape: 7, rest_frames: 5
2026-08-07 21:52:44 - skyreels_v3 - INFO - [single_shot_extension_pipeline.py:209 - __call__] - guidance_scale: 1.0, do_classifier_free_guidance: False
2026-08-07 21:52:53 - skyreels_v3 - INFO - [single_shot_extension_pipeline.py:232 - __call__] - start transformer forward, latents: torch.Size([16, 33, 86, 164])
/tmp/skyreels-bench/reference/SkyReels-V3/skyreels_v3/pipelines/single_shot_extension_pipeline.py:234: FutureWarning: `torch.cuda.amp.autocast(args...)` is deprecated. Please use `torch.amp.autocast('cuda', args...)` instead.
  with torch.cuda.amp.autocast(dtype=self.transformer.dtype), torch.no_grad():
  0%|          | 0/8 [00:00<?, ?it/s] 12%|█▎        | 1/8 [03:27<24:11, 207.38s/it] 25%|██▌       | 2/8 [06:54<20:44, 207.34s/it] 38%|███▊      | 3/8 [10:22<17:16, 207.33s/it] 50%|█████     | 4/8 [13:49<13:49, 207.32s/it] 62%|██████▎   | 5/8 [17:16<10:21, 207.31s/it] 75%|███████▌  | 6/8 [20:43<06:54, 207.31s/it] 88%|████████▊ | 7/8 [24:11<03:27, 207.31s/it]100%|██████████| 8/8 [27:38<00:00, 207.31s/it]100%|██████████| 8/8 [27:38<00:00, 207.32s/it]
2026-08-07 22:20:31 - skyreels_v3 - INFO - [single_shot_extension_pipeline.py:280 - __call__] - finish transformer forward, latents: torch.Size([16, 33, 86, 164]), cuda:0
2026-08-07 22:21:01 - skyreels_v3 - INFO - [single_shot_extension_pipeline.py:292 - __call__] - finish vae decode, videos: torch.Size([1, 3, 157, 688, 1312]), cuda:0
2026-08-07 22:21:03 - skyreels_v3 - INFO - [single_shot_extension_pipeline.py:161 - extend_video] - prefix_video: torch.Size([1, 25, 688, 1312, 3])
